// Jest Snapshot v1, https://goo.gl/fbAQLP

exports[`Footer component Snapshot component should fully render 1`] = `
ShallowWrapper {
  "length": 1,
  Symbol(enzyme.__root__): [Circular],
  Symbol(enzyme.__unrendered__): <Footer />,
  Symbol(enzyme.__renderer__): Object {
    "batchedUpdates": [Function],
    "getNode": [Function],
    "render": [Function],
    "simulateEvent": [Function],
    "unmount": [Function],
  },
  Symbol(enzyme.__node__): Object {
    "instance": null,
    "key": undefined,
    "nodeType": "host",
    "props": Object {
      "children": <div
        className="container"
      >
        <div
          className="row"
        >
          <div
            className="col-md-6"
          >
            <a
              href="https://github.com/Dammyy"
              rel="noopener noreferrer"
              target="_blank"
            >
              <img
                alt=""
                src="img/github.png"
              />
            </a>
          </div>
          <div
            className="col-md-6"
          >
            <span
              className="text-muted"
            >
              Copyright © More Recipes!
            </span>
          </div>
        </div>
      </div>,
      "className": "footer",
    },
    "ref": null,
    "rendered": Object {
      "instance": null,
      "key": undefined,
      "nodeType": "host",
      "props": Object {
        "children": <div
          className="row"
        >
          <div
            className="col-md-6"
          >
            <a
              href="https://github.com/Dammyy"
              rel="noopener noreferrer"
              target="_blank"
            >
              <img
                alt=""
                src="img/github.png"
              />
            </a>
          </div>
          <div
            className="col-md-6"
          >
            <span
              className="text-muted"
            >
              Copyright © More Recipes!
            </span>
          </div>
        </div>,
        "className": "container",
      },
      "ref": null,
      "rendered": Object {
        "instance": null,
        "key": undefined,
        "nodeType": "host",
        "props": Object {
          "children": Array [
            <div
              className="col-md-6"
            >
              <a
                href="https://github.com/Dammyy"
                rel="noopener noreferrer"
                target="_blank"
              >
                <img
                  alt=""
                  src="img/github.png"
                />
              </a>
            </div>,
            <div
              className="col-md-6"
            >
              <span
                className="text-muted"
              >
                Copyright © More Recipes!
              </span>
            </div>,
          ],
          "className": "row",
        },
        "ref": null,
        "rendered": Array [
          Object {
            "instance": null,
            "key": undefined,
            "nodeType": "host",
            "props": Object {
              "children": <a
                href="https://github.com/Dammyy"
                rel="noopener noreferrer"
                target="_blank"
              >
                <img
                  alt=""
                  src="img/github.png"
                />
              </a>,
              "className": "col-md-6",
            },
            "ref": null,
            "rendered": Object {
              "instance": null,
              "key": undefined,
              "nodeType": "host",
              "props": Object {
                "children": <img
                  alt=""
                  src="img/github.png"
                />,
                "href": "https://github.com/Dammyy",
                "rel": "noopener noreferrer",
                "target": "_blank",
              },
              "ref": null,
              "rendered": Object {
                "instance": null,
                "key": undefined,
                "nodeType": "host",
                "props": Object {
                  "alt": "",
                  "src": "img/github.png",
                },
                "ref": null,
                "rendered": null,
                "type": "img",
              },
              "type": "a",
            },
            "type": "div",
          },
          Object {
            "instance": null,
            "key": undefined,
            "nodeType": "host",
            "props": Object {
              "children": <span
                className="text-muted"
              >
                Copyright © More Recipes!
              </span>,
              "className": "col-md-6",
            },
            "ref": null,
            "rendered": Object {
              "instance": null,
              "key": undefined,
              "nodeType": "host",
              "props": Object {
                "children": "Copyright © More Recipes!",
                "className": "text-muted",
              },
              "ref": null,
              "rendered": "Copyright © More Recipes!",
              "type": "span",
            },
            "type": "div",
          },
        ],
        "type": "div",
      },
      "type": "div",
    },
    "type": "footer",
  },
  Symbol(enzyme.__nodes__): Array [
    Object {
      "instance": null,
      "key": undefined,
      "nodeType": "host",
      "props": Object {
        "children": <div
          className="container"
        >
          <div
            className="row"
          >
            <div
              className="col-md-6"
            >
              <a
                href="https://github.com/Dammyy"
                rel="noopener noreferrer"
                target="_blank"
              >
                <img
                  alt=""
                  src="img/github.png"
                />
              </a>
            </div>
            <div
              className="col-md-6"
            >
              <span
                className="text-muted"
              >
                Copyright © More Recipes!
              </span>
            </div>
          </div>
        </div>,
        "className": "footer",
      },
      "ref": null,
      "rendered": Object {
        "instance": null,
        "key": undefined,
        "nodeType": "host",
        "props": Object {
          "children": <div
            className="row"
          >
            <div
              className="col-md-6"
            >
              <a
                href="https://github.com/Dammyy"
                rel="noopener noreferrer"
                target="_blank"
              >
                <img
                  alt=""
                  src="img/github.png"
                />
              </a>
            </div>
            <div
              className="col-md-6"
            >
              <span
                className="text-muted"
              >
                Copyright © More Recipes!
              </span>
            </div>
          </div>,
          "className": "container",
        },
        "ref": null,
        "rendered": Object {
          "instance": null,
          "key": undefined,
          "nodeType": "host",
          "props": Object {
            "children": Array [
              <div
                className="col-md-6"
              >
                <a
                  href="https://github.com/Dammyy"
                  rel="noopener noreferrer"
                  target="_blank"
                >
                  <img
                    alt=""
                    src="img/github.png"
                  />
                </a>
              </div>,
              <div
                className="col-md-6"
              >
                <span
                  className="text-muted"
                >
                  Copyright © More Recipes!
                </span>
              </div>,
            ],
            "className": "row",
          },
          "ref": null,
          "rendered": Array [
            Object {
              "instance": null,
              "key": undefined,
              "nodeType": "host",
              "props": Object {
                "children": <a
                  href="https://github.com/Dammyy"
                  rel="noopener noreferrer"
                  target="_blank"
                >
                  <img
                    alt=""
                    src="img/github.png"
                  />
                </a>,
                "className": "col-md-6",
              },
              "ref": null,
              "rendered": Object {
                "instance": null,
                "key": undefined,
                "nodeType": "host",
                "props": Object {
                  "children": <img
                    alt=""
                    src="img/github.png"
                  />,
                  "href": "https://github.com/Dammyy",
                  "rel": "noopener noreferrer",
                  "target": "_blank",
                },
                "ref": null,
                "rendered": Object {
                  "instance": null,
                  "key": undefined,
                  "nodeType": "host",
                  "props": Object {
                    "alt": "",
                    "src": "img/github.png",
                  },
                  "ref": null,
                  "rendered": null,
                  "type": "img",
                },
                "type": "a",
              },
              "type": "div",
            },
            Object {
              "instance": null,
              "key": undefined,
              "nodeType": "host",
              "props": Object {
                "children": <span
                  className="text-muted"
                >
                  Copyright © More Recipes!
                </span>,
                "className": "col-md-6",
              },
              "ref": null,
              "rendered": Object {
                "instance": null,
                "key": undefined,
                "nodeType": "host",
                "props": Object {
                  "children": "Copyright © More Recipes!",
                  "className": "text-muted",
                },
                "ref": null,
                "rendered": "Copyright © More Recipes!",
                "type": "span",
              },
              "type": "div",
            },
          ],
          "type": "div",
        },
        "type": "div",
      },
      "type": "footer",
    },
  ],
  Symbol(enzyme.__options__): Object {
    "adapter": ReactSixteenAdapter {
      "options": Object {
        "enableComponentDidUpdateOnSetState": true,
      },
    },
  },
}
`;
