// Jest Snapshot v1, https://goo.gl/fbAQLP

exports[`Reviews component Snapshot component should fully render 1`] = `
ShallowWrapper {
  "length": 1,
  Symbol(enzyme.__root__): [Circular],
  Symbol(enzyme.__unrendered__): <RecipesList
    deleteRecipe={[MockFunction]}
    recipes={
      Array [
        Object {
          "createdAt": "2018-03-17T13:19:08.125Z",
          "details": "rgergergreg",
          "downvotes": 0,
          "favorited": 0,
          "id": 47,
          "image": "https://cdn.filestackcontent.com/fP7AK7PSNWpcFQJojqTU",
          "ingredients": "sdgewrgreg",
          "reviews": 0,
          "title": "fgrgrgr",
          "updatedAt": "2018-03-17T13:19:08.125Z",
          "upvotes": 0,
          "userId": 1,
        },
      ]
    }
    userId={1}
  />,
  Symbol(enzyme.__renderer__): Object {
    "batchedUpdates": [Function],
    "getNode": [Function],
    "render": [Function],
    "simulateEvent": [Function],
    "unmount": [Function],
  },
  Symbol(enzyme.__node__): Object {
    "instance": null,
    "key": undefined,
    "nodeType": "host",
    "props": Object {
      "children": Array [
        <div
          className="text-left-buttons"
        >
          <BtnHome />
          <BtnCatalog />
          <Connect(authRecipeButtons(BtnAdd)) />
          <Connect(authRecipeButtons(BtnFavorites)) />
          <Connect(authRecipeButtons(BtnProfile)) />
        </div>,
        <div
          className="current-page btn-buttons"
        >
          <BtnCurrent />
        </div>,
        <div
          className="col-md-12 latest-recipes"
        >
          <div
            className="row"
          >
            <Recipe
              createdAt="2018-03-17T13:19:08.125Z"
              deleteRecipe={[MockFunction]}
              details="rgergergreg"
              downvotes={0}
              favorited={0}
              id={47}
              image="https://cdn.filestackcontent.com/fP7AK7PSNWpcFQJojqTU"
              ingredients="sdgewrgreg"
              reviews={0}
              title="fgrgrgr"
              updatedAt="2018-03-17T13:19:08.125Z"
              upvotes={0}
              userId={1}
            />
          </div>
        </div>,
      ],
    },
    "ref": null,
    "rendered": Array [
      Object {
        "instance": null,
        "key": undefined,
        "nodeType": "host",
        "props": Object {
          "children": Array [
            <BtnHome />,
            <BtnCatalog />,
            <Connect(authRecipeButtons(BtnAdd)) />,
            <Connect(authRecipeButtons(BtnFavorites)) />,
            <Connect(authRecipeButtons(BtnProfile)) />,
          ],
          "className": "text-left-buttons",
        },
        "ref": null,
        "rendered": Array [
          Object {
            "instance": null,
            "key": undefined,
            "nodeType": "function",
            "props": Object {},
            "ref": null,
            "rendered": null,
            "type": [Function],
          },
          Object {
            "instance": null,
            "key": undefined,
            "nodeType": "function",
            "props": Object {},
            "ref": null,
            "rendered": null,
            "type": [Function],
          },
          Object {
            "instance": null,
            "key": undefined,
            "nodeType": "class",
            "props": Object {},
            "ref": null,
            "rendered": null,
            "type": [Function],
          },
          Object {
            "instance": null,
            "key": undefined,
            "nodeType": "class",
            "props": Object {},
            "ref": null,
            "rendered": null,
            "type": [Function],
          },
          Object {
            "instance": null,
            "key": undefined,
            "nodeType": "class",
            "props": Object {},
            "ref": null,
            "rendered": null,
            "type": [Function],
          },
        ],
        "type": "div",
      },
      Object {
        "instance": null,
        "key": undefined,
        "nodeType": "host",
        "props": Object {
          "children": <BtnCurrent />,
          "className": "current-page btn-buttons",
        },
        "ref": null,
        "rendered": Object {
          "instance": null,
          "key": undefined,
          "nodeType": "function",
          "props": Object {},
          "ref": null,
          "rendered": null,
          "type": [Function],
        },
        "type": "div",
      },
      Object {
        "instance": null,
        "key": undefined,
        "nodeType": "host",
        "props": Object {
          "children": <div
            className="row"
          >
            <Recipe
              createdAt="2018-03-17T13:19:08.125Z"
              deleteRecipe={[MockFunction]}
              details="rgergergreg"
              downvotes={0}
              favorited={0}
              id={47}
              image="https://cdn.filestackcontent.com/fP7AK7PSNWpcFQJojqTU"
              ingredients="sdgewrgreg"
              reviews={0}
              title="fgrgrgr"
              updatedAt="2018-03-17T13:19:08.125Z"
              upvotes={0}
              userId={1}
            />
          </div>,
          "className": "col-md-12 latest-recipes",
        },
        "ref": null,
        "rendered": Object {
          "instance": null,
          "key": undefined,
          "nodeType": "host",
          "props": Object {
            "children": Array [
              <Recipe
                createdAt="2018-03-17T13:19:08.125Z"
                deleteRecipe={[MockFunction]}
                details="rgergergreg"
                downvotes={0}
                favorited={0}
                id={47}
                image="https://cdn.filestackcontent.com/fP7AK7PSNWpcFQJojqTU"
                ingredients="sdgewrgreg"
                reviews={0}
                title="fgrgrgr"
                updatedAt="2018-03-17T13:19:08.125Z"
                upvotes={0}
                userId={1}
              />,
            ],
            "className": "row",
          },
          "ref": null,
          "rendered": Array [
            Object {
              "instance": null,
              "key": "47",
              "nodeType": "class",
              "props": Object {
                "createdAt": "2018-03-17T13:19:08.125Z",
                "deleteRecipe": [MockFunction],
                "details": "rgergergreg",
                "downvotes": 0,
                "favorited": 0,
                "id": 47,
                "image": "https://cdn.filestackcontent.com/fP7AK7PSNWpcFQJojqTU",
                "ingredients": "sdgewrgreg",
                "reviews": 0,
                "title": "fgrgrgr",
                "updatedAt": "2018-03-17T13:19:08.125Z",
                "upvotes": 0,
                "userId": 1,
              },
              "ref": null,
              "rendered": null,
              "type": [Function],
            },
          ],
          "type": "div",
        },
        "type": "div",
      },
    ],
    "type": "div",
  },
  Symbol(enzyme.__nodes__): Array [
    Object {
      "instance": null,
      "key": undefined,
      "nodeType": "host",
      "props": Object {
        "children": Array [
          <div
            className="text-left-buttons"
          >
            <BtnHome />
            <BtnCatalog />
            <Connect(authRecipeButtons(BtnAdd)) />
            <Connect(authRecipeButtons(BtnFavorites)) />
            <Connect(authRecipeButtons(BtnProfile)) />
          </div>,
          <div
            className="current-page btn-buttons"
          >
            <BtnCurrent />
          </div>,
          <div
            className="col-md-12 latest-recipes"
          >
            <div
              className="row"
            >
              <Recipe
                createdAt="2018-03-17T13:19:08.125Z"
                deleteRecipe={[MockFunction]}
                details="rgergergreg"
                downvotes={0}
                favorited={0}
                id={47}
                image="https://cdn.filestackcontent.com/fP7AK7PSNWpcFQJojqTU"
                ingredients="sdgewrgreg"
                reviews={0}
                title="fgrgrgr"
                updatedAt="2018-03-17T13:19:08.125Z"
                upvotes={0}
                userId={1}
              />
            </div>
          </div>,
        ],
      },
      "ref": null,
      "rendered": Array [
        Object {
          "instance": null,
          "key": undefined,
          "nodeType": "host",
          "props": Object {
            "children": Array [
              <BtnHome />,
              <BtnCatalog />,
              <Connect(authRecipeButtons(BtnAdd)) />,
              <Connect(authRecipeButtons(BtnFavorites)) />,
              <Connect(authRecipeButtons(BtnProfile)) />,
            ],
            "className": "text-left-buttons",
          },
          "ref": null,
          "rendered": Array [
            Object {
              "instance": null,
              "key": undefined,
              "nodeType": "function",
              "props": Object {},
              "ref": null,
              "rendered": null,
              "type": [Function],
            },
            Object {
              "instance": null,
              "key": undefined,
              "nodeType": "function",
              "props": Object {},
              "ref": null,
              "rendered": null,
              "type": [Function],
            },
            Object {
              "instance": null,
              "key": undefined,
              "nodeType": "class",
              "props": Object {},
              "ref": null,
              "rendered": null,
              "type": [Function],
            },
            Object {
              "instance": null,
              "key": undefined,
              "nodeType": "class",
              "props": Object {},
              "ref": null,
              "rendered": null,
              "type": [Function],
            },
            Object {
              "instance": null,
              "key": undefined,
              "nodeType": "class",
              "props": Object {},
              "ref": null,
              "rendered": null,
              "type": [Function],
            },
          ],
          "type": "div",
        },
        Object {
          "instance": null,
          "key": undefined,
          "nodeType": "host",
          "props": Object {
            "children": <BtnCurrent />,
            "className": "current-page btn-buttons",
          },
          "ref": null,
          "rendered": Object {
            "instance": null,
            "key": undefined,
            "nodeType": "function",
            "props": Object {},
            "ref": null,
            "rendered": null,
            "type": [Function],
          },
          "type": "div",
        },
        Object {
          "instance": null,
          "key": undefined,
          "nodeType": "host",
          "props": Object {
            "children": <div
              className="row"
            >
              <Recipe
                createdAt="2018-03-17T13:19:08.125Z"
                deleteRecipe={[MockFunction]}
                details="rgergergreg"
                downvotes={0}
                favorited={0}
                id={47}
                image="https://cdn.filestackcontent.com/fP7AK7PSNWpcFQJojqTU"
                ingredients="sdgewrgreg"
                reviews={0}
                title="fgrgrgr"
                updatedAt="2018-03-17T13:19:08.125Z"
                upvotes={0}
                userId={1}
              />
            </div>,
            "className": "col-md-12 latest-recipes",
          },
          "ref": null,
          "rendered": Object {
            "instance": null,
            "key": undefined,
            "nodeType": "host",
            "props": Object {
              "children": Array [
                <Recipe
                  createdAt="2018-03-17T13:19:08.125Z"
                  deleteRecipe={[MockFunction]}
                  details="rgergergreg"
                  downvotes={0}
                  favorited={0}
                  id={47}
                  image="https://cdn.filestackcontent.com/fP7AK7PSNWpcFQJojqTU"
                  ingredients="sdgewrgreg"
                  reviews={0}
                  title="fgrgrgr"
                  updatedAt="2018-03-17T13:19:08.125Z"
                  upvotes={0}
                  userId={1}
                />,
              ],
              "className": "row",
            },
            "ref": null,
            "rendered": Array [
              Object {
                "instance": null,
                "key": "47",
                "nodeType": "class",
                "props": Object {
                  "createdAt": "2018-03-17T13:19:08.125Z",
                  "deleteRecipe": [MockFunction],
                  "details": "rgergergreg",
                  "downvotes": 0,
                  "favorited": 0,
                  "id": 47,
                  "image": "https://cdn.filestackcontent.com/fP7AK7PSNWpcFQJojqTU",
                  "ingredients": "sdgewrgreg",
                  "reviews": 0,
                  "title": "fgrgrgr",
                  "updatedAt": "2018-03-17T13:19:08.125Z",
                  "upvotes": 0,
                  "userId": 1,
                },
                "ref": null,
                "rendered": null,
                "type": [Function],
              },
            ],
            "type": "div",
          },
          "type": "div",
        },
      ],
      "type": "div",
    },
  ],
  Symbol(enzyme.__options__): Object {
    "adapter": ReactSixteenAdapter {
      "options": Object {
        "enableComponentDidUpdateOnSetState": true,
      },
    },
  },
}
`;
