// Jest Snapshot v1, https://goo.gl/fbAQLP

exports[`Reviews component Snapshot component should fully render 1`] = `
ShallowWrapper {
  "length": 1,
  Symbol(enzyme.__root__): [Circular],
  Symbol(enzyme.__unrendered__): <RecipesListHome
    recipes={
      Object {
        "recipes": Array [
          Object {
            "createdAt": "2018-03-17T13:19:08.125Z",
            "details": "rgergergreg",
            "downvotes": 0,
            "favorited": 0,
            "id": 47,
            "image": "https://cdn.filestackcontent.com/fP7AK7PSNWpcFQJojqTU",
            "ingredients": "sdgewrgreg",
            "reviews": 0,
            "title": "fgrgrgr",
            "updatedAt": "2018-03-17T13:19:08.125Z",
            "upvotes": 0,
            "userId": 27,
          },
        ],
      }
    }
  />,
  Symbol(enzyme.__renderer__): Object {
    "batchedUpdates": [Function],
    "getNode": [Function],
    "render": [Function],
    "simulateEvent": [Function],
    "unmount": [Function],
  },
  Symbol(enzyme.__node__): Object {
    "instance": null,
    "key": undefined,
    "nodeType": "host",
    "props": Object {
      "children": Array [
        <h3
          className="latest-h3"
        >
          Latest Recipes
        </h3>,
        <div
          className="col-md-12 latest-recipes"
        >
          <div
            className="row"
          >
            <RecipeHome
              createdAt="2018-03-17T13:19:08.125Z"
              details="rgergergreg"
              downvotes={0}
              favorited={0}
              id={47}
              image="https://cdn.filestackcontent.com/fP7AK7PSNWpcFQJojqTU"
              ingredients="sdgewrgreg"
              reviews={0}
              title="fgrgrgr"
              updatedAt="2018-03-17T13:19:08.125Z"
              upvotes={0}
              userId={27}
            />
          </div>
        </div>,
      ],
    },
    "ref": null,
    "rendered": Array [
      Object {
        "instance": null,
        "key": undefined,
        "nodeType": "host",
        "props": Object {
          "children": "Latest Recipes",
          "className": "latest-h3",
        },
        "ref": null,
        "rendered": "Latest Recipes",
        "type": "h3",
      },
      Object {
        "instance": null,
        "key": undefined,
        "nodeType": "host",
        "props": Object {
          "children": <div
            className="row"
          >
            <RecipeHome
              createdAt="2018-03-17T13:19:08.125Z"
              details="rgergergreg"
              downvotes={0}
              favorited={0}
              id={47}
              image="https://cdn.filestackcontent.com/fP7AK7PSNWpcFQJojqTU"
              ingredients="sdgewrgreg"
              reviews={0}
              title="fgrgrgr"
              updatedAt="2018-03-17T13:19:08.125Z"
              upvotes={0}
              userId={27}
            />
          </div>,
          "className": "col-md-12 latest-recipes",
        },
        "ref": null,
        "rendered": Object {
          "instance": null,
          "key": undefined,
          "nodeType": "host",
          "props": Object {
            "children": Array [
              <RecipeHome
                createdAt="2018-03-17T13:19:08.125Z"
                details="rgergergreg"
                downvotes={0}
                favorited={0}
                id={47}
                image="https://cdn.filestackcontent.com/fP7AK7PSNWpcFQJojqTU"
                ingredients="sdgewrgreg"
                reviews={0}
                title="fgrgrgr"
                updatedAt="2018-03-17T13:19:08.125Z"
                upvotes={0}
                userId={27}
              />,
            ],
            "className": "row",
          },
          "ref": null,
          "rendered": Array [
            Object {
              "instance": null,
              "key": "47",
              "nodeType": "class",
              "props": Object {
                "createdAt": "2018-03-17T13:19:08.125Z",
                "details": "rgergergreg",
                "downvotes": 0,
                "favorited": 0,
                "id": 47,
                "image": "https://cdn.filestackcontent.com/fP7AK7PSNWpcFQJojqTU",
                "ingredients": "sdgewrgreg",
                "reviews": 0,
                "title": "fgrgrgr",
                "updatedAt": "2018-03-17T13:19:08.125Z",
                "upvotes": 0,
                "userId": 27,
              },
              "ref": null,
              "rendered": null,
              "type": [Function],
            },
          ],
          "type": "div",
        },
        "type": "div",
      },
    ],
    "type": "div",
  },
  Symbol(enzyme.__nodes__): Array [
    Object {
      "instance": null,
      "key": undefined,
      "nodeType": "host",
      "props": Object {
        "children": Array [
          <h3
            className="latest-h3"
          >
            Latest Recipes
          </h3>,
          <div
            className="col-md-12 latest-recipes"
          >
            <div
              className="row"
            >
              <RecipeHome
                createdAt="2018-03-17T13:19:08.125Z"
                details="rgergergreg"
                downvotes={0}
                favorited={0}
                id={47}
                image="https://cdn.filestackcontent.com/fP7AK7PSNWpcFQJojqTU"
                ingredients="sdgewrgreg"
                reviews={0}
                title="fgrgrgr"
                updatedAt="2018-03-17T13:19:08.125Z"
                upvotes={0}
                userId={27}
              />
            </div>
          </div>,
        ],
      },
      "ref": null,
      "rendered": Array [
        Object {
          "instance": null,
          "key": undefined,
          "nodeType": "host",
          "props": Object {
            "children": "Latest Recipes",
            "className": "latest-h3",
          },
          "ref": null,
          "rendered": "Latest Recipes",
          "type": "h3",
        },
        Object {
          "instance": null,
          "key": undefined,
          "nodeType": "host",
          "props": Object {
            "children": <div
              className="row"
            >
              <RecipeHome
                createdAt="2018-03-17T13:19:08.125Z"
                details="rgergergreg"
                downvotes={0}
                favorited={0}
                id={47}
                image="https://cdn.filestackcontent.com/fP7AK7PSNWpcFQJojqTU"
                ingredients="sdgewrgreg"
                reviews={0}
                title="fgrgrgr"
                updatedAt="2018-03-17T13:19:08.125Z"
                upvotes={0}
                userId={27}
              />
            </div>,
            "className": "col-md-12 latest-recipes",
          },
          "ref": null,
          "rendered": Object {
            "instance": null,
            "key": undefined,
            "nodeType": "host",
            "props": Object {
              "children": Array [
                <RecipeHome
                  createdAt="2018-03-17T13:19:08.125Z"
                  details="rgergergreg"
                  downvotes={0}
                  favorited={0}
                  id={47}
                  image="https://cdn.filestackcontent.com/fP7AK7PSNWpcFQJojqTU"
                  ingredients="sdgewrgreg"
                  reviews={0}
                  title="fgrgrgr"
                  updatedAt="2018-03-17T13:19:08.125Z"
                  upvotes={0}
                  userId={27}
                />,
              ],
              "className": "row",
            },
            "ref": null,
            "rendered": Array [
              Object {
                "instance": null,
                "key": "47",
                "nodeType": "class",
                "props": Object {
                  "createdAt": "2018-03-17T13:19:08.125Z",
                  "details": "rgergergreg",
                  "downvotes": 0,
                  "favorited": 0,
                  "id": 47,
                  "image": "https://cdn.filestackcontent.com/fP7AK7PSNWpcFQJojqTU",
                  "ingredients": "sdgewrgreg",
                  "reviews": 0,
                  "title": "fgrgrgr",
                  "updatedAt": "2018-03-17T13:19:08.125Z",
                  "upvotes": 0,
                  "userId": 27,
                },
                "ref": null,
                "rendered": null,
                "type": [Function],
              },
            ],
            "type": "div",
          },
          "type": "div",
        },
      ],
      "type": "div",
    },
  ],
  Symbol(enzyme.__options__): Object {
    "adapter": ReactSixteenAdapter {
      "options": Object {
        "enableComponentDidUpdateOnSetState": true,
      },
    },
  },
}
`;
