// Jest Snapshot v1, https://goo.gl/fbAQLP

exports[`Search component Snapshot component should fully render 1`] = `
ShallowWrapper {
  "length": 1,
  Symbol(enzyme.__root__): [Circular],
  Symbol(enzyme.__unrendered__): <Search
    recipes={Array []}
  />,
  Symbol(enzyme.__renderer__): Object {
    "batchedUpdates": [Function],
    "getNode": [Function],
    "render": [Function],
    "simulateEvent": [Function],
    "unmount": [Function],
  },
  Symbol(enzyme.__node__): Object {
    "instance": null,
    "key": undefined,
    "nodeType": "host",
    "props": Object {
      "children": Array [
        <div
          className="text-left-buttons btn-buttons"
        >
          <Link
            className="btn btn-info btn-manage"
            onlyActiveOnIndex={false}
            style={Object {}}
            to="/"
          >
            <i
              className="fa fa-home"
            />
             Home
          </Link>
          <Connect(authRecipeButtons(Component)) />
          <Connect(authRecipeButtons(Component)) />
          <Connect(authRecipeButtons(Component)) />
        </div>,
        <div
          className="col-md-12 latest-recipes"
        >
          <div
            className="row"
          />
        </div>,
      ],
    },
    "ref": null,
    "rendered": Array [
      Object {
        "instance": null,
        "key": undefined,
        "nodeType": "host",
        "props": Object {
          "children": Array [
            <Link
              className="btn btn-info btn-manage"
              onlyActiveOnIndex={false}
              style={Object {}}
              to="/"
            >
              <i
                className="fa fa-home"
              />
               Home
            </Link>,
            <Connect(authRecipeButtons(Component)) />,
            <Connect(authRecipeButtons(Component)) />,
            <Connect(authRecipeButtons(Component)) />,
          ],
          "className": "text-left-buttons btn-buttons",
        },
        "ref": null,
        "rendered": Array [
          Object {
            "instance": null,
            "key": undefined,
            "nodeType": "class",
            "props": Object {
              "children": Array [
                <i
                  className="fa fa-home"
                />,
                " Home",
              ],
              "className": "btn btn-info btn-manage",
              "onlyActiveOnIndex": false,
              "style": Object {},
              "to": "/",
            },
            "ref": null,
            "rendered": Array [
              Object {
                "instance": null,
                "key": undefined,
                "nodeType": "host",
                "props": Object {
                  "className": "fa fa-home",
                },
                "ref": null,
                "rendered": null,
                "type": "i",
              },
              " Home",
            ],
            "type": [Function],
          },
          Object {
            "instance": null,
            "key": undefined,
            "nodeType": "class",
            "props": Object {},
            "ref": null,
            "rendered": null,
            "type": [Function],
          },
          Object {
            "instance": null,
            "key": undefined,
            "nodeType": "class",
            "props": Object {},
            "ref": null,
            "rendered": null,
            "type": [Function],
          },
          Object {
            "instance": null,
            "key": undefined,
            "nodeType": "class",
            "props": Object {},
            "ref": null,
            "rendered": null,
            "type": [Function],
          },
        ],
        "type": "div",
      },
      Object {
        "instance": null,
        "key": undefined,
        "nodeType": "host",
        "props": Object {
          "children": <div
            className="row"
          />,
          "className": "col-md-12 latest-recipes",
        },
        "ref": null,
        "rendered": Object {
          "instance": null,
          "key": undefined,
          "nodeType": "host",
          "props": Object {
            "children": Array [],
            "className": "row",
          },
          "ref": null,
          "rendered": Array [],
          "type": "div",
        },
        "type": "div",
      },
    ],
    "type": "div",
  },
  Symbol(enzyme.__nodes__): Array [
    Object {
      "instance": null,
      "key": undefined,
      "nodeType": "host",
      "props": Object {
        "children": Array [
          <div
            className="text-left-buttons btn-buttons"
          >
            <Link
              className="btn btn-info btn-manage"
              onlyActiveOnIndex={false}
              style={Object {}}
              to="/"
            >
              <i
                className="fa fa-home"
              />
               Home
            </Link>
            <Connect(authRecipeButtons(Component)) />
            <Connect(authRecipeButtons(Component)) />
            <Connect(authRecipeButtons(Component)) />
          </div>,
          <div
            className="col-md-12 latest-recipes"
          >
            <div
              className="row"
            />
          </div>,
        ],
      },
      "ref": null,
      "rendered": Array [
        Object {
          "instance": null,
          "key": undefined,
          "nodeType": "host",
          "props": Object {
            "children": Array [
              <Link
                className="btn btn-info btn-manage"
                onlyActiveOnIndex={false}
                style={Object {}}
                to="/"
              >
                <i
                  className="fa fa-home"
                />
                 Home
              </Link>,
              <Connect(authRecipeButtons(Component)) />,
              <Connect(authRecipeButtons(Component)) />,
              <Connect(authRecipeButtons(Component)) />,
            ],
            "className": "text-left-buttons btn-buttons",
          },
          "ref": null,
          "rendered": Array [
            Object {
              "instance": null,
              "key": undefined,
              "nodeType": "class",
              "props": Object {
                "children": Array [
                  <i
                    className="fa fa-home"
                  />,
                  " Home",
                ],
                "className": "btn btn-info btn-manage",
                "onlyActiveOnIndex": false,
                "style": Object {},
                "to": "/",
              },
              "ref": null,
              "rendered": Array [
                Object {
                  "instance": null,
                  "key": undefined,
                  "nodeType": "host",
                  "props": Object {
                    "className": "fa fa-home",
                  },
                  "ref": null,
                  "rendered": null,
                  "type": "i",
                },
                " Home",
              ],
              "type": [Function],
            },
            Object {
              "instance": null,
              "key": undefined,
              "nodeType": "class",
              "props": Object {},
              "ref": null,
              "rendered": null,
              "type": [Function],
            },
            Object {
              "instance": null,
              "key": undefined,
              "nodeType": "class",
              "props": Object {},
              "ref": null,
              "rendered": null,
              "type": [Function],
            },
            Object {
              "instance": null,
              "key": undefined,
              "nodeType": "class",
              "props": Object {},
              "ref": null,
              "rendered": null,
              "type": [Function],
            },
          ],
          "type": "div",
        },
        Object {
          "instance": null,
          "key": undefined,
          "nodeType": "host",
          "props": Object {
            "children": <div
              className="row"
            />,
            "className": "col-md-12 latest-recipes",
          },
          "ref": null,
          "rendered": Object {
            "instance": null,
            "key": undefined,
            "nodeType": "host",
            "props": Object {
              "children": Array [],
              "className": "row",
            },
            "ref": null,
            "rendered": Array [],
            "type": "div",
          },
          "type": "div",
        },
      ],
      "type": "div",
    },
  ],
  Symbol(enzyme.__options__): Object {
    "adapter": ReactSixteenAdapter {
      "options": Object {
        "enableComponentDidUpdateOnSetState": true,
      },
    },
  },
}
`;
