// Jest Snapshot v1, https://goo.gl/fbAQLP

exports[`UserProfile component Snapshot component should fully render 1`] = `
ShallowWrapper {
  "length": 1,
  Symbol(enzyme.__root__): [Circular],
  Symbol(enzyme.__unrendered__): <UserProfile
    user={Object {}}
  />,
  Symbol(enzyme.__renderer__): Object {
    "batchedUpdates": [Function],
    "getNode": [Function],
    "render": [Function],
    "simulateEvent": [Function],
    "unmount": [Function],
  },
  Symbol(enzyme.__node__): Object {
    "instance": null,
    "key": undefined,
    "nodeType": "host",
    "props": Object {
      "children": Array [
        <ReduxForm />,
        <div
          className="text-left-buttons btn-buttons"
        >
          <BtnHome />
          <BtnCatalog />
          <Connect(authRecipeButtons(Component)) />
          <Connect(authRecipeButtons(Component)) />
          <Connect(authRecipeButtons(Component)) />
        </div>,
        <div
          className="profile-display"
        >
          <div
            className="profile-heading"
          >
            <h2>
              <i
                aria-hidden="true"
                className="fa fa-user-o"
              />
               My Details
            </h2>
          </div>
          <p>
            <b>
              First name:
            </b>
             
          </p>
          <p>
            <b>
              Surname:
            </b>
             
          </p>
          <p>
            <b>
              Email:
            </b>
             
          </p>
          <div
            className="profile-heading"
          >
            <h2>
              <i
                aria-hidden="true"
                className="fa fa-line-chart"
              />
               My Stats
            </h2>
          </div>
          <p>
            <b>
              Recipes published - 
            </b>
             
          </p>
          <p>
            <b>
              Favorite recipes - 
            </b>
             
          </p>
        </div>,
      ],
    },
    "ref": null,
    "rendered": Array [
      Object {
        "instance": null,
        "key": undefined,
        "nodeType": "class",
        "props": Object {},
        "ref": null,
        "rendered": null,
        "type": [Function],
      },
      Object {
        "instance": null,
        "key": undefined,
        "nodeType": "host",
        "props": Object {
          "children": Array [
            <BtnHome />,
            <BtnCatalog />,
            <Connect(authRecipeButtons(Component)) />,
            <Connect(authRecipeButtons(Component)) />,
            <Connect(authRecipeButtons(Component)) />,
          ],
          "className": "text-left-buttons btn-buttons",
        },
        "ref": null,
        "rendered": Array [
          Object {
            "instance": null,
            "key": undefined,
            "nodeType": "function",
            "props": Object {},
            "ref": null,
            "rendered": null,
            "type": [Function],
          },
          Object {
            "instance": null,
            "key": undefined,
            "nodeType": "function",
            "props": Object {},
            "ref": null,
            "rendered": null,
            "type": [Function],
          },
          Object {
            "instance": null,
            "key": undefined,
            "nodeType": "class",
            "props": Object {},
            "ref": null,
            "rendered": null,
            "type": [Function],
          },
          Object {
            "instance": null,
            "key": undefined,
            "nodeType": "class",
            "props": Object {},
            "ref": null,
            "rendered": null,
            "type": [Function],
          },
          Object {
            "instance": null,
            "key": undefined,
            "nodeType": "class",
            "props": Object {},
            "ref": null,
            "rendered": null,
            "type": [Function],
          },
        ],
        "type": "div",
      },
      Object {
        "instance": null,
        "key": undefined,
        "nodeType": "host",
        "props": Object {
          "children": Array [
            <div
              className="profile-heading"
            >
              <h2>
                <i
                  aria-hidden="true"
                  className="fa fa-user-o"
                />
                 My Details
              </h2>
            </div>,
            <p>
              <b>
                First name:
              </b>
               
            </p>,
            <p>
              <b>
                Surname:
              </b>
               
            </p>,
            <p>
              <b>
                Email:
              </b>
               
            </p>,
            <div
              className="profile-heading"
            >
              <h2>
                <i
                  aria-hidden="true"
                  className="fa fa-line-chart"
                />
                 My Stats
              </h2>
            </div>,
            <p>
              <b>
                Recipes published - 
              </b>
               
            </p>,
            <p>
              <b>
                Favorite recipes - 
              </b>
               
            </p>,
          ],
          "className": "profile-display",
        },
        "ref": null,
        "rendered": Array [
          Object {
            "instance": null,
            "key": undefined,
            "nodeType": "host",
            "props": Object {
              "children": <h2>
                <i
                  aria-hidden="true"
                  className="fa fa-user-o"
                />
                 My Details
              </h2>,
              "className": "profile-heading",
            },
            "ref": null,
            "rendered": Object {
              "instance": null,
              "key": undefined,
              "nodeType": "host",
              "props": Object {
                "children": Array [
                  <i
                    aria-hidden="true"
                    className="fa fa-user-o"
                  />,
                  " My Details",
                ],
              },
              "ref": null,
              "rendered": Array [
                Object {
                  "instance": null,
                  "key": undefined,
                  "nodeType": "host",
                  "props": Object {
                    "aria-hidden": "true",
                    "className": "fa fa-user-o",
                  },
                  "ref": null,
                  "rendered": null,
                  "type": "i",
                },
                " My Details",
              ],
              "type": "h2",
            },
            "type": "div",
          },
          Object {
            "instance": null,
            "key": undefined,
            "nodeType": "host",
            "props": Object {
              "children": Array [
                <b>
                  First name:
                </b>,
                " ",
                undefined,
              ],
            },
            "ref": null,
            "rendered": Array [
              Object {
                "instance": null,
                "key": undefined,
                "nodeType": "host",
                "props": Object {
                  "children": "First name:",
                },
                "ref": null,
                "rendered": "First name:",
                "type": "b",
              },
              " ",
              undefined,
            ],
            "type": "p",
          },
          Object {
            "instance": null,
            "key": undefined,
            "nodeType": "host",
            "props": Object {
              "children": Array [
                <b>
                  Surname:
                </b>,
                " ",
                undefined,
              ],
            },
            "ref": null,
            "rendered": Array [
              Object {
                "instance": null,
                "key": undefined,
                "nodeType": "host",
                "props": Object {
                  "children": "Surname:",
                },
                "ref": null,
                "rendered": "Surname:",
                "type": "b",
              },
              " ",
              undefined,
            ],
            "type": "p",
          },
          Object {
            "instance": null,
            "key": undefined,
            "nodeType": "host",
            "props": Object {
              "children": Array [
                <b>
                  Email:
                </b>,
                " ",
                undefined,
              ],
            },
            "ref": null,
            "rendered": Array [
              Object {
                "instance": null,
                "key": undefined,
                "nodeType": "host",
                "props": Object {
                  "children": "Email:",
                },
                "ref": null,
                "rendered": "Email:",
                "type": "b",
              },
              " ",
              undefined,
            ],
            "type": "p",
          },
          Object {
            "instance": null,
            "key": undefined,
            "nodeType": "host",
            "props": Object {
              "children": <h2>
                <i
                  aria-hidden="true"
                  className="fa fa-line-chart"
                />
                 My Stats
              </h2>,
              "className": "profile-heading",
            },
            "ref": null,
            "rendered": Object {
              "instance": null,
              "key": undefined,
              "nodeType": "host",
              "props": Object {
                "children": Array [
                  <i
                    aria-hidden="true"
                    className="fa fa-line-chart"
                  />,
                  " My Stats",
                ],
              },
              "ref": null,
              "rendered": Array [
                Object {
                  "instance": null,
                  "key": undefined,
                  "nodeType": "host",
                  "props": Object {
                    "aria-hidden": "true",
                    "className": "fa fa-line-chart",
                  },
                  "ref": null,
                  "rendered": null,
                  "type": "i",
                },
                " My Stats",
              ],
              "type": "h2",
            },
            "type": "div",
          },
          Object {
            "instance": null,
            "key": undefined,
            "nodeType": "host",
            "props": Object {
              "children": Array [
                <b>
                  Recipes published - 
                </b>,
                " ",
                undefined,
              ],
            },
            "ref": null,
            "rendered": Array [
              Object {
                "instance": null,
                "key": undefined,
                "nodeType": "host",
                "props": Object {
                  "children": "Recipes published - ",
                },
                "ref": null,
                "rendered": "Recipes published - ",
                "type": "b",
              },
              " ",
              undefined,
            ],
            "type": "p",
          },
          Object {
            "instance": null,
            "key": undefined,
            "nodeType": "host",
            "props": Object {
              "children": Array [
                <b>
                  Favorite recipes - 
                </b>,
                " ",
                undefined,
              ],
            },
            "ref": null,
            "rendered": Array [
              Object {
                "instance": null,
                "key": undefined,
                "nodeType": "host",
                "props": Object {
                  "children": "Favorite recipes - ",
                },
                "ref": null,
                "rendered": "Favorite recipes - ",
                "type": "b",
              },
              " ",
              undefined,
            ],
            "type": "p",
          },
        ],
        "type": "div",
      },
    ],
    "type": "div",
  },
  Symbol(enzyme.__nodes__): Array [
    Object {
      "instance": null,
      "key": undefined,
      "nodeType": "host",
      "props": Object {
        "children": Array [
          <ReduxForm />,
          <div
            className="text-left-buttons btn-buttons"
          >
            <BtnHome />
            <BtnCatalog />
            <Connect(authRecipeButtons(Component)) />
            <Connect(authRecipeButtons(Component)) />
            <Connect(authRecipeButtons(Component)) />
          </div>,
          <div
            className="profile-display"
          >
            <div
              className="profile-heading"
            >
              <h2>
                <i
                  aria-hidden="true"
                  className="fa fa-user-o"
                />
                 My Details
              </h2>
            </div>
            <p>
              <b>
                First name:
              </b>
               
            </p>
            <p>
              <b>
                Surname:
              </b>
               
            </p>
            <p>
              <b>
                Email:
              </b>
               
            </p>
            <div
              className="profile-heading"
            >
              <h2>
                <i
                  aria-hidden="true"
                  className="fa fa-line-chart"
                />
                 My Stats
              </h2>
            </div>
            <p>
              <b>
                Recipes published - 
              </b>
               
            </p>
            <p>
              <b>
                Favorite recipes - 
              </b>
               
            </p>
          </div>,
        ],
      },
      "ref": null,
      "rendered": Array [
        Object {
          "instance": null,
          "key": undefined,
          "nodeType": "class",
          "props": Object {},
          "ref": null,
          "rendered": null,
          "type": [Function],
        },
        Object {
          "instance": null,
          "key": undefined,
          "nodeType": "host",
          "props": Object {
            "children": Array [
              <BtnHome />,
              <BtnCatalog />,
              <Connect(authRecipeButtons(Component)) />,
              <Connect(authRecipeButtons(Component)) />,
              <Connect(authRecipeButtons(Component)) />,
            ],
            "className": "text-left-buttons btn-buttons",
          },
          "ref": null,
          "rendered": Array [
            Object {
              "instance": null,
              "key": undefined,
              "nodeType": "function",
              "props": Object {},
              "ref": null,
              "rendered": null,
              "type": [Function],
            },
            Object {
              "instance": null,
              "key": undefined,
              "nodeType": "function",
              "props": Object {},
              "ref": null,
              "rendered": null,
              "type": [Function],
            },
            Object {
              "instance": null,
              "key": undefined,
              "nodeType": "class",
              "props": Object {},
              "ref": null,
              "rendered": null,
              "type": [Function],
            },
            Object {
              "instance": null,
              "key": undefined,
              "nodeType": "class",
              "props": Object {},
              "ref": null,
              "rendered": null,
              "type": [Function],
            },
            Object {
              "instance": null,
              "key": undefined,
              "nodeType": "class",
              "props": Object {},
              "ref": null,
              "rendered": null,
              "type": [Function],
            },
          ],
          "type": "div",
        },
        Object {
          "instance": null,
          "key": undefined,
          "nodeType": "host",
          "props": Object {
            "children": Array [
              <div
                className="profile-heading"
              >
                <h2>
                  <i
                    aria-hidden="true"
                    className="fa fa-user-o"
                  />
                   My Details
                </h2>
              </div>,
              <p>
                <b>
                  First name:
                </b>
                 
              </p>,
              <p>
                <b>
                  Surname:
                </b>
                 
              </p>,
              <p>
                <b>
                  Email:
                </b>
                 
              </p>,
              <div
                className="profile-heading"
              >
                <h2>
                  <i
                    aria-hidden="true"
                    className="fa fa-line-chart"
                  />
                   My Stats
                </h2>
              </div>,
              <p>
                <b>
                  Recipes published - 
                </b>
                 
              </p>,
              <p>
                <b>
                  Favorite recipes - 
                </b>
                 
              </p>,
            ],
            "className": "profile-display",
          },
          "ref": null,
          "rendered": Array [
            Object {
              "instance": null,
              "key": undefined,
              "nodeType": "host",
              "props": Object {
                "children": <h2>
                  <i
                    aria-hidden="true"
                    className="fa fa-user-o"
                  />
                   My Details
                </h2>,
                "className": "profile-heading",
              },
              "ref": null,
              "rendered": Object {
                "instance": null,
                "key": undefined,
                "nodeType": "host",
                "props": Object {
                  "children": Array [
                    <i
                      aria-hidden="true"
                      className="fa fa-user-o"
                    />,
                    " My Details",
                  ],
                },
                "ref": null,
                "rendered": Array [
                  Object {
                    "instance": null,
                    "key": undefined,
                    "nodeType": "host",
                    "props": Object {
                      "aria-hidden": "true",
                      "className": "fa fa-user-o",
                    },
                    "ref": null,
                    "rendered": null,
                    "type": "i",
                  },
                  " My Details",
                ],
                "type": "h2",
              },
              "type": "div",
            },
            Object {
              "instance": null,
              "key": undefined,
              "nodeType": "host",
              "props": Object {
                "children": Array [
                  <b>
                    First name:
                  </b>,
                  " ",
                  undefined,
                ],
              },
              "ref": null,
              "rendered": Array [
                Object {
                  "instance": null,
                  "key": undefined,
                  "nodeType": "host",
                  "props": Object {
                    "children": "First name:",
                  },
                  "ref": null,
                  "rendered": "First name:",
                  "type": "b",
                },
                " ",
                undefined,
              ],
              "type": "p",
            },
            Object {
              "instance": null,
              "key": undefined,
              "nodeType": "host",
              "props": Object {
                "children": Array [
                  <b>
                    Surname:
                  </b>,
                  " ",
                  undefined,
                ],
              },
              "ref": null,
              "rendered": Array [
                Object {
                  "instance": null,
                  "key": undefined,
                  "nodeType": "host",
                  "props": Object {
                    "children": "Surname:",
                  },
                  "ref": null,
                  "rendered": "Surname:",
                  "type": "b",
                },
                " ",
                undefined,
              ],
              "type": "p",
            },
            Object {
              "instance": null,
              "key": undefined,
              "nodeType": "host",
              "props": Object {
                "children": Array [
                  <b>
                    Email:
                  </b>,
                  " ",
                  undefined,
                ],
              },
              "ref": null,
              "rendered": Array [
                Object {
                  "instance": null,
                  "key": undefined,
                  "nodeType": "host",
                  "props": Object {
                    "children": "Email:",
                  },
                  "ref": null,
                  "rendered": "Email:",
                  "type": "b",
                },
                " ",
                undefined,
              ],
              "type": "p",
            },
            Object {
              "instance": null,
              "key": undefined,
              "nodeType": "host",
              "props": Object {
                "children": <h2>
                  <i
                    aria-hidden="true"
                    className="fa fa-line-chart"
                  />
                   My Stats
                </h2>,
                "className": "profile-heading",
              },
              "ref": null,
              "rendered": Object {
                "instance": null,
                "key": undefined,
                "nodeType": "host",
                "props": Object {
                  "children": Array [
                    <i
                      aria-hidden="true"
                      className="fa fa-line-chart"
                    />,
                    " My Stats",
                  ],
                },
                "ref": null,
                "rendered": Array [
                  Object {
                    "instance": null,
                    "key": undefined,
                    "nodeType": "host",
                    "props": Object {
                      "aria-hidden": "true",
                      "className": "fa fa-line-chart",
                    },
                    "ref": null,
                    "rendered": null,
                    "type": "i",
                  },
                  " My Stats",
                ],
                "type": "h2",
              },
              "type": "div",
            },
            Object {
              "instance": null,
              "key": undefined,
              "nodeType": "host",
              "props": Object {
                "children": Array [
                  <b>
                    Recipes published - 
                  </b>,
                  " ",
                  undefined,
                ],
              },
              "ref": null,
              "rendered": Array [
                Object {
                  "instance": null,
                  "key": undefined,
                  "nodeType": "host",
                  "props": Object {
                    "children": "Recipes published - ",
                  },
                  "ref": null,
                  "rendered": "Recipes published - ",
                  "type": "b",
                },
                " ",
                undefined,
              ],
              "type": "p",
            },
            Object {
              "instance": null,
              "key": undefined,
              "nodeType": "host",
              "props": Object {
                "children": Array [
                  <b>
                    Favorite recipes - 
                  </b>,
                  " ",
                  undefined,
                ],
              },
              "ref": null,
              "rendered": Array [
                Object {
                  "instance": null,
                  "key": undefined,
                  "nodeType": "host",
                  "props": Object {
                    "children": "Favorite recipes - ",
                  },
                  "ref": null,
                  "rendered": "Favorite recipes - ",
                  "type": "b",
                },
                " ",
                undefined,
              ],
              "type": "p",
            },
          ],
          "type": "div",
        },
      ],
      "type": "div",
    },
  ],
  Symbol(enzyme.__options__): Object {
    "adapter": ReactSixteenAdapter {
      "options": Object {
        "enableComponentDidUpdateOnSetState": true,
      },
    },
  },
}
`;

exports[`UserProfile component Snapshot component should fully render 2`] = `
ShallowWrapper {
  "length": 1,
  Symbol(enzyme.__root__): [Circular],
  Symbol(enzyme.__unrendered__): <UserProfile />,
  Symbol(enzyme.__renderer__): Object {
    "batchedUpdates": [Function],
    "getNode": [Function],
    "render": [Function],
    "simulateEvent": [Function],
    "unmount": [Function],
  },
  Symbol(enzyme.__node__): Object {
    "instance": null,
    "key": undefined,
    "nodeType": "host",
    "props": Object {
      "children": "Profile Loading...",
    },
    "ref": null,
    "rendered": "Profile Loading...",
    "type": "h1",
  },
  Symbol(enzyme.__nodes__): Array [
    Object {
      "instance": null,
      "key": undefined,
      "nodeType": "host",
      "props": Object {
        "children": "Profile Loading...",
      },
      "ref": null,
      "rendered": "Profile Loading...",
      "type": "h1",
    },
  ],
  Symbol(enzyme.__options__): Object {
    "adapter": ReactSixteenAdapter {
      "options": Object {
        "enableComponentDidUpdateOnSetState": true,
      },
    },
  },
}
`;
