// Jest Snapshot v1, https://goo.gl/fbAQLP

exports[`WelcomeTopSection component Snapshot component should fully render 1`] = `
ShallowWrapper {
  "length": 1,
  Symbol(enzyme.__root__): [Circular],
  Symbol(enzyme.__unrendered__): <WelcomeTopSetion
    firstName=""
    logout={[MockFunction]}
  />,
  Symbol(enzyme.__renderer__): Object {
    "batchedUpdates": [Function],
    "getNode": [Function],
    "render": [Function],
    "simulateEvent": [Function],
    "unmount": [Function],
  },
  Symbol(enzyme.__node__): Object {
    "instance": null,
    "key": undefined,
    "nodeType": "host",
    "props": Object {
      "children": Array [
        <div
          className="col-md-12 welcome-msg-top"
        >
          <i>
            <h1>
              Welcome to more recipes!
            </h1>
          </i>
          <div
            className="intro-msg"
          >
            Find and share everyday cooking inspiration on More Recipes. Discover recipes,cooks and how-tos based on the food you love.
          </div>
          <div
            className="col-md-12 home-logged-in"
          >
            <Connect(authAddRecipe(HomeActionButtons))
              firstName=""
              logout={[MockFunction]}
            />
          </div>
        </div>,
        <div
          className="container-fluid welcome-section"
        >
          <div
            className="welcome-video col-md-12"
          >
            <Video
              autoPlay={true}
              loop={true}
              muted={true}
              poster="http://wyregate.com/wp-content/uploads/2018/03/img.png"
            >
              <source
                src="http://wyregate.com/wp-content/uploads/2018/03/video.mp4"
                type="video/webm"
              />
            </Video>
          </div>
          <div
            className="col-md-12 welcome-msg"
          >
            <i>
              <h1>
                Welcome to more recipes!
              </h1>
            </i>
            <div
              className="intro-msg"
            >
              Find and share everyday cooking inspiration on More Recipes. Discover recipes,cooks and how-tos based on the food you love.
            </div>
            <div
              className="col-md-12 home-logged-in"
            >
              <Connect(authAddRecipe(HomeActionButtons))
                firstName=""
                logout={[MockFunction]}
              />
            </div>
          </div>
        </div>,
      ],
    },
    "ref": null,
    "rendered": Array [
      Object {
        "instance": null,
        "key": undefined,
        "nodeType": "host",
        "props": Object {
          "children": Array [
            <i>
              <h1>
                Welcome to more recipes!
              </h1>
            </i>,
            <div
              className="intro-msg"
            >
              Find and share everyday cooking inspiration on More Recipes. Discover recipes,cooks and how-tos based on the food you love.
            </div>,
            <div
              className="col-md-12 home-logged-in"
            >
              <Connect(authAddRecipe(HomeActionButtons))
                firstName=""
                logout={[MockFunction]}
              />
            </div>,
          ],
          "className": "col-md-12 welcome-msg-top",
        },
        "ref": null,
        "rendered": Array [
          Object {
            "instance": null,
            "key": undefined,
            "nodeType": "host",
            "props": Object {
              "children": <h1>
                Welcome to more recipes!
              </h1>,
            },
            "ref": null,
            "rendered": Object {
              "instance": null,
              "key": undefined,
              "nodeType": "host",
              "props": Object {
                "children": "Welcome to more recipes!",
              },
              "ref": null,
              "rendered": "Welcome to more recipes!",
              "type": "h1",
            },
            "type": "i",
          },
          Object {
            "instance": null,
            "key": undefined,
            "nodeType": "host",
            "props": Object {
              "children": "Find and share everyday cooking inspiration on More Recipes. Discover recipes,cooks and how-tos based on the food you love.",
              "className": "intro-msg",
            },
            "ref": null,
            "rendered": "Find and share everyday cooking inspiration on More Recipes. Discover recipes,cooks and how-tos based on the food you love.",
            "type": "div",
          },
          Object {
            "instance": null,
            "key": undefined,
            "nodeType": "host",
            "props": Object {
              "children": <Connect(authAddRecipe(HomeActionButtons))
                firstName=""
                logout={[MockFunction]}
              />,
              "className": "col-md-12 home-logged-in",
            },
            "ref": null,
            "rendered": Object {
              "instance": null,
              "key": undefined,
              "nodeType": "class",
              "props": Object {
                "firstName": "",
                "logout": [MockFunction],
              },
              "ref": null,
              "rendered": null,
              "type": [Function],
            },
            "type": "div",
          },
        ],
        "type": "div",
      },
      Object {
        "instance": null,
        "key": undefined,
        "nodeType": "host",
        "props": Object {
          "children": Array [
            <div
              className="welcome-video col-md-12"
            >
              <Video
                autoPlay={true}
                loop={true}
                muted={true}
                poster="http://wyregate.com/wp-content/uploads/2018/03/img.png"
              >
                <source
                  src="http://wyregate.com/wp-content/uploads/2018/03/video.mp4"
                  type="video/webm"
                />
              </Video>
            </div>,
            <div
              className="col-md-12 welcome-msg"
            >
              <i>
                <h1>
                  Welcome to more recipes!
                </h1>
              </i>
              <div
                className="intro-msg"
              >
                Find and share everyday cooking inspiration on More Recipes. Discover recipes,cooks and how-tos based on the food you love.
              </div>
              <div
                className="col-md-12 home-logged-in"
              >
                <Connect(authAddRecipe(HomeActionButtons))
                  firstName=""
                  logout={[MockFunction]}
                />
              </div>
            </div>,
          ],
          "className": "container-fluid welcome-section",
        },
        "ref": null,
        "rendered": Array [
          Object {
            "instance": null,
            "key": undefined,
            "nodeType": "host",
            "props": Object {
              "children": <Video
                autoPlay={true}
                loop={true}
                muted={true}
                poster="http://wyregate.com/wp-content/uploads/2018/03/img.png"
              >
                <source
                  src="http://wyregate.com/wp-content/uploads/2018/03/video.mp4"
                  type="video/webm"
                />
              </Video>,
              "className": "welcome-video col-md-12",
            },
            "ref": null,
            "rendered": Object {
              "instance": null,
              "key": undefined,
              "nodeType": "class",
              "props": Object {
                "autoPlay": true,
                "children": <source
                  src="http://wyregate.com/wp-content/uploads/2018/03/video.mp4"
                  type="video/webm"
                />,
                "loop": true,
                "muted": true,
                "poster": "http://wyregate.com/wp-content/uploads/2018/03/img.png",
              },
              "ref": null,
              "rendered": Object {
                "instance": null,
                "key": undefined,
                "nodeType": "host",
                "props": Object {
                  "src": "http://wyregate.com/wp-content/uploads/2018/03/video.mp4",
                  "type": "video/webm",
                },
                "ref": null,
                "rendered": null,
                "type": "source",
              },
              "type": [Function],
            },
            "type": "div",
          },
          Object {
            "instance": null,
            "key": undefined,
            "nodeType": "host",
            "props": Object {
              "children": Array [
                <i>
                  <h1>
                    Welcome to more recipes!
                  </h1>
                </i>,
                <div
                  className="intro-msg"
                >
                  Find and share everyday cooking inspiration on More Recipes. Discover recipes,cooks and how-tos based on the food you love.
                </div>,
                <div
                  className="col-md-12 home-logged-in"
                >
                  <Connect(authAddRecipe(HomeActionButtons))
                    firstName=""
                    logout={[MockFunction]}
                  />
                </div>,
              ],
              "className": "col-md-12 welcome-msg",
            },
            "ref": null,
            "rendered": Array [
              Object {
                "instance": null,
                "key": undefined,
                "nodeType": "host",
                "props": Object {
                  "children": <h1>
                    Welcome to more recipes!
                  </h1>,
                },
                "ref": null,
                "rendered": Object {
                  "instance": null,
                  "key": undefined,
                  "nodeType": "host",
                  "props": Object {
                    "children": "Welcome to more recipes!",
                  },
                  "ref": null,
                  "rendered": "Welcome to more recipes!",
                  "type": "h1",
                },
                "type": "i",
              },
              Object {
                "instance": null,
                "key": undefined,
                "nodeType": "host",
                "props": Object {
                  "children": "Find and share everyday cooking inspiration on More Recipes. Discover recipes,cooks and how-tos based on the food you love.",
                  "className": "intro-msg",
                },
                "ref": null,
                "rendered": "Find and share everyday cooking inspiration on More Recipes. Discover recipes,cooks and how-tos based on the food you love.",
                "type": "div",
              },
              Object {
                "instance": null,
                "key": undefined,
                "nodeType": "host",
                "props": Object {
                  "children": <Connect(authAddRecipe(HomeActionButtons))
                    firstName=""
                    logout={[MockFunction]}
                  />,
                  "className": "col-md-12 home-logged-in",
                },
                "ref": null,
                "rendered": Object {
                  "instance": null,
                  "key": undefined,
                  "nodeType": "class",
                  "props": Object {
                    "firstName": "",
                    "logout": [MockFunction],
                  },
                  "ref": null,
                  "rendered": null,
                  "type": [Function],
                },
                "type": "div",
              },
            ],
            "type": "div",
          },
        ],
        "type": "div",
      },
    ],
    "type": "div",
  },
  Symbol(enzyme.__nodes__): Array [
    Object {
      "instance": null,
      "key": undefined,
      "nodeType": "host",
      "props": Object {
        "children": Array [
          <div
            className="col-md-12 welcome-msg-top"
          >
            <i>
              <h1>
                Welcome to more recipes!
              </h1>
            </i>
            <div
              className="intro-msg"
            >
              Find and share everyday cooking inspiration on More Recipes. Discover recipes,cooks and how-tos based on the food you love.
            </div>
            <div
              className="col-md-12 home-logged-in"
            >
              <Connect(authAddRecipe(HomeActionButtons))
                firstName=""
                logout={[MockFunction]}
              />
            </div>
          </div>,
          <div
            className="container-fluid welcome-section"
          >
            <div
              className="welcome-video col-md-12"
            >
              <Video
                autoPlay={true}
                loop={true}
                muted={true}
                poster="http://wyregate.com/wp-content/uploads/2018/03/img.png"
              >
                <source
                  src="http://wyregate.com/wp-content/uploads/2018/03/video.mp4"
                  type="video/webm"
                />
              </Video>
            </div>
            <div
              className="col-md-12 welcome-msg"
            >
              <i>
                <h1>
                  Welcome to more recipes!
                </h1>
              </i>
              <div
                className="intro-msg"
              >
                Find and share everyday cooking inspiration on More Recipes. Discover recipes,cooks and how-tos based on the food you love.
              </div>
              <div
                className="col-md-12 home-logged-in"
              >
                <Connect(authAddRecipe(HomeActionButtons))
                  firstName=""
                  logout={[MockFunction]}
                />
              </div>
            </div>
          </div>,
        ],
      },
      "ref": null,
      "rendered": Array [
        Object {
          "instance": null,
          "key": undefined,
          "nodeType": "host",
          "props": Object {
            "children": Array [
              <i>
                <h1>
                  Welcome to more recipes!
                </h1>
              </i>,
              <div
                className="intro-msg"
              >
                Find and share everyday cooking inspiration on More Recipes. Discover recipes,cooks and how-tos based on the food you love.
              </div>,
              <div
                className="col-md-12 home-logged-in"
              >
                <Connect(authAddRecipe(HomeActionButtons))
                  firstName=""
                  logout={[MockFunction]}
                />
              </div>,
            ],
            "className": "col-md-12 welcome-msg-top",
          },
          "ref": null,
          "rendered": Array [
            Object {
              "instance": null,
              "key": undefined,
              "nodeType": "host",
              "props": Object {
                "children": <h1>
                  Welcome to more recipes!
                </h1>,
              },
              "ref": null,
              "rendered": Object {
                "instance": null,
                "key": undefined,
                "nodeType": "host",
                "props": Object {
                  "children": "Welcome to more recipes!",
                },
                "ref": null,
                "rendered": "Welcome to more recipes!",
                "type": "h1",
              },
              "type": "i",
            },
            Object {
              "instance": null,
              "key": undefined,
              "nodeType": "host",
              "props": Object {
                "children": "Find and share everyday cooking inspiration on More Recipes. Discover recipes,cooks and how-tos based on the food you love.",
                "className": "intro-msg",
              },
              "ref": null,
              "rendered": "Find and share everyday cooking inspiration on More Recipes. Discover recipes,cooks and how-tos based on the food you love.",
              "type": "div",
            },
            Object {
              "instance": null,
              "key": undefined,
              "nodeType": "host",
              "props": Object {
                "children": <Connect(authAddRecipe(HomeActionButtons))
                  firstName=""
                  logout={[MockFunction]}
                />,
                "className": "col-md-12 home-logged-in",
              },
              "ref": null,
              "rendered": Object {
                "instance": null,
                "key": undefined,
                "nodeType": "class",
                "props": Object {
                  "firstName": "",
                  "logout": [MockFunction],
                },
                "ref": null,
                "rendered": null,
                "type": [Function],
              },
              "type": "div",
            },
          ],
          "type": "div",
        },
        Object {
          "instance": null,
          "key": undefined,
          "nodeType": "host",
          "props": Object {
            "children": Array [
              <div
                className="welcome-video col-md-12"
              >
                <Video
                  autoPlay={true}
                  loop={true}
                  muted={true}
                  poster="http://wyregate.com/wp-content/uploads/2018/03/img.png"
                >
                  <source
                    src="http://wyregate.com/wp-content/uploads/2018/03/video.mp4"
                    type="video/webm"
                  />
                </Video>
              </div>,
              <div
                className="col-md-12 welcome-msg"
              >
                <i>
                  <h1>
                    Welcome to more recipes!
                  </h1>
                </i>
                <div
                  className="intro-msg"
                >
                  Find and share everyday cooking inspiration on More Recipes. Discover recipes,cooks and how-tos based on the food you love.
                </div>
                <div
                  className="col-md-12 home-logged-in"
                >
                  <Connect(authAddRecipe(HomeActionButtons))
                    firstName=""
                    logout={[MockFunction]}
                  />
                </div>
              </div>,
            ],
            "className": "container-fluid welcome-section",
          },
          "ref": null,
          "rendered": Array [
            Object {
              "instance": null,
              "key": undefined,
              "nodeType": "host",
              "props": Object {
                "children": <Video
                  autoPlay={true}
                  loop={true}
                  muted={true}
                  poster="http://wyregate.com/wp-content/uploads/2018/03/img.png"
                >
                  <source
                    src="http://wyregate.com/wp-content/uploads/2018/03/video.mp4"
                    type="video/webm"
                  />
                </Video>,
                "className": "welcome-video col-md-12",
              },
              "ref": null,
              "rendered": Object {
                "instance": null,
                "key": undefined,
                "nodeType": "class",
                "props": Object {
                  "autoPlay": true,
                  "children": <source
                    src="http://wyregate.com/wp-content/uploads/2018/03/video.mp4"
                    type="video/webm"
                  />,
                  "loop": true,
                  "muted": true,
                  "poster": "http://wyregate.com/wp-content/uploads/2018/03/img.png",
                },
                "ref": null,
                "rendered": Object {
                  "instance": null,
                  "key": undefined,
                  "nodeType": "host",
                  "props": Object {
                    "src": "http://wyregate.com/wp-content/uploads/2018/03/video.mp4",
                    "type": "video/webm",
                  },
                  "ref": null,
                  "rendered": null,
                  "type": "source",
                },
                "type": [Function],
              },
              "type": "div",
            },
            Object {
              "instance": null,
              "key": undefined,
              "nodeType": "host",
              "props": Object {
                "children": Array [
                  <i>
                    <h1>
                      Welcome to more recipes!
                    </h1>
                  </i>,
                  <div
                    className="intro-msg"
                  >
                    Find and share everyday cooking inspiration on More Recipes. Discover recipes,cooks and how-tos based on the food you love.
                  </div>,
                  <div
                    className="col-md-12 home-logged-in"
                  >
                    <Connect(authAddRecipe(HomeActionButtons))
                      firstName=""
                      logout={[MockFunction]}
                    />
                  </div>,
                ],
                "className": "col-md-12 welcome-msg",
              },
              "ref": null,
              "rendered": Array [
                Object {
                  "instance": null,
                  "key": undefined,
                  "nodeType": "host",
                  "props": Object {
                    "children": <h1>
                      Welcome to more recipes!
                    </h1>,
                  },
                  "ref": null,
                  "rendered": Object {
                    "instance": null,
                    "key": undefined,
                    "nodeType": "host",
                    "props": Object {
                      "children": "Welcome to more recipes!",
                    },
                    "ref": null,
                    "rendered": "Welcome to more recipes!",
                    "type": "h1",
                  },
                  "type": "i",
                },
                Object {
                  "instance": null,
                  "key": undefined,
                  "nodeType": "host",
                  "props": Object {
                    "children": "Find and share everyday cooking inspiration on More Recipes. Discover recipes,cooks and how-tos based on the food you love.",
                    "className": "intro-msg",
                  },
                  "ref": null,
                  "rendered": "Find and share everyday cooking inspiration on More Recipes. Discover recipes,cooks and how-tos based on the food you love.",
                  "type": "div",
                },
                Object {
                  "instance": null,
                  "key": undefined,
                  "nodeType": "host",
                  "props": Object {
                    "children": <Connect(authAddRecipe(HomeActionButtons))
                      firstName=""
                      logout={[MockFunction]}
                    />,
                    "className": "col-md-12 home-logged-in",
                  },
                  "ref": null,
                  "rendered": Object {
                    "instance": null,
                    "key": undefined,
                    "nodeType": "class",
                    "props": Object {
                      "firstName": "",
                      "logout": [MockFunction],
                    },
                    "ref": null,
                    "rendered": null,
                    "type": [Function],
                  },
                  "type": "div",
                },
              ],
              "type": "div",
            },
          ],
          "type": "div",
        },
      ],
      "type": "div",
    },
  ],
  Symbol(enzyme.__options__): Object {
    "adapter": ReactSixteenAdapter {
      "options": Object {
        "enableComponentDidUpdateOnSetState": true,
      },
    },
  },
}
`;
